// Jest Snapshot v1, https://goo.gl/fbAQLP

exports[`should render Footer correctly 1`] = `
<footer
  className="footer"
>
  <div
    className="container-fluid h-100"
  >
    <div
      className="row h-100 justify-content-between align-items-center"
    >
      <div
        className="col-auto"
      >
        React Starter Project
      </div>
      <div
        className="col-auto"
      >
        <a
          className="text-reset me-2"
          href="#"
        >
          Terms
        </a>
        <a
          className="text-reset"
          href="#"
        >
          Privacy
        </a>
      </div>
      <div
        className="col-auto"
      >
        <CurrentMoment />
      </div>
    </div>
  </div>
</footer>
`;
