// Jest Snapshot v1, https://goo.gl/fbAQLP

exports[`should render Header correctly 1`] = `
<header>
  <nav
    className="navbar navbar-expand"
  >
    <div
      className="container-fluid"
    >
      <a
        className="navbar-brand"
        href="https://leanstacks.com/"
        target="_blank"
        title="About LeanStacks"
      >
        <img
          alt=""
          className="d-inline-block align-text-top me-2"
          height="24"
          src="/assets/img/leanstacks-icon-64.png"
          width="24"
        />
        <span
          className="text-primary"
        >
          LEAN
        </span>
        <span
          className="fw-bold"
        >
          STACKS
        </span>
      </a>
      <button
        aria-controls="navbarSupportedContent"
        aria-expanded="false"
        aria-label="Toggle navigation"
        className="navbar-toggler"
        data-target="#navbarSupportedContent"
        data-toggle="collapse"
        type="button"
      >
        <span
          className="navbar-toggler-icon"
        />
      </button>
      <div
        className="collapse navbar-collapse"
        id="navbarSupportedContent"
      >
        <ul
          className="navbar-nav me-auto"
        >
          <li
            className="nav-item"
          >
            <NavLink
              className="nav-link"
              exact={true}
              to="/"
            >
              Home
            </NavLink>
          </li>
          <li
            className="nav-item"
          >
            <NavLink
              className="nav-link"
              to="/stacks"
            >
              Technologies
            </NavLink>
          </li>
        </ul>
        <ul
          className="navbar-nav"
        >
          <li
            className="nav-item"
          >
            <a
              className="nav-link"
              href="https://github.com/leanstacks/skeleton-ui-react"
              target="_blank"
              title="View it on GitHub"
            >
              <i
                className="fab fa-github"
              />
            </a>
          </li>
        </ul>
      </div>
    </div>
  </nav>
</header>
`;
